============================= test session starts =============================
collecting ... collected 73 items

test123.py::TestInfrastructure::test_health_check_returns_200 PASSED     [  1%]
test123.py::TestInfrastructure::test_health_check_response_time PASSED   [  2%]
test123.py::TestInfrastructure::test_docs_accessible PASSED              [  4%]
test123.py::TestInfrastructure::test_openapi_schema_exists PASSED        [  5%]
test123.py::TestComplaintSubmission::test_submit_complaint_basic_success PASSED [  6%]
test123.py::TestComplaintSubmission::test_grievance_id_format PASSED     [  8%]
test123.py::TestComplaintSubmission::test_submit_with_optional_email PASSED [  9%]
test123.py::TestComplaintSubmission::test_submit_without_email_succeeds PASSED [ 10%]
test123.py::TestComplaintSubmission::test_submit_missing_required_fields_returns_422 PASSED [ 12%]
test123.py::TestComplaintSubmission::test_submit_invalid_channel_returns_422 PASSED [ 13%]
test123.py::TestComplaintSubmission::test_submit_invalid_email_returns_422 PASSED [ 15%]
test123.py::TestComplaintSubmission::test_submit_out_of_range_coordinates PASSED [ 16%]
test123.py::TestComplaintSubmission::test_sla_deadline_populated_on_submission PASSED [ 17%]
test123.py::TestComplaintSubmission::test_public_response_excludes_sensitive_fields PASSED [ 19%]
test123.py::TestPublicComplaintLookup::test_get_complaint_by_uuid_success PASSED [ 20%]
test123.py::TestPublicComplaintLookup::test_get_complaint_by_grievance_id PASSED [ 21%]
test123.py::TestPublicComplaintLookup::test_get_nonexistent_complaint_returns_404 PASSED [ 23%]
test123.py::TestPublicComplaintLookup::test_public_response_structure PASSED [ 24%]
test123.py::TestPublicComplaintLookup::test_timeline_is_ordered_list PASSED [ 26%]
test123.py::TestAdminComplaintList::test_list_complaints_requires_auth PASSED [ 27%]
test123.py::TestAdminComplaintList::test_list_complaints_jssa_sees_own_ward_only SKIPPED [ 28%]
test123.py::TestAdminComplaintList::test_list_complaints_jssa_cannot_see_other_ward SKIPPED [ 30%]
test123.py::TestAdminComplaintList::test_list_complaints_super_admin_sees_all SKIPPED [ 31%]
test123.py::TestAdminComplaintList::test_list_complaints_filter_by_status SKIPPED [ 32%]
test123.py::TestAdminComplaintList::test_list_complaints_admin_response_includes_extra_fields SKIPPED [ 34%]
test123.py::TestAdminComplaintList::test_contractor_cannot_access_complaint_list SKIPPED [ 35%]
test123.py::TestStateMachine::test_patch_status_requires_auth PASSED     [ 36%]
test123.py::TestStateMachine::test_invalid_transition_new_to_in_progress SKIPPED [ 38%]
test123.py::TestStateMachine::test_invalid_transition_new_to_closed SKIPPED [ 39%]
test123.py::TestStateMachine::test_invalid_transition_assigned_to_closed SKIPPED [ 41%]
test123.py::TestStateMachine::test_proof_required_for_in_progress_transition SKIPPED [ 42%]
test123.py::TestStateMachine::test_proof_required_for_final_survey_pending_transition SKIPPED [ 43%]
test123.py::TestStateMachine::test_valid_transition_with_proof_url SKIPPED [ 45%]
test123.py::TestStateMachine::test_terminal_state_closed_cannot_transition SKIPPED [ 46%]
test123.py::TestStateMachine::test_status_update_creates_audit_event SKIPPED [ 47%]
test123.py::TestClassificationPipeline::test_rule_engine_high_confidence_drain SKIPPED [ 49%]
test123.py::TestClassificationPipeline::test_rule_engine_streetlight_classification PASSED [ 50%]
test123.py::TestClassificationPipeline::test_ambiguous_text_triggers_gemini SKIPPED [ 52%]
test123.py::TestClassificationPipeline::test_multi_department_complaint_creates_multiple_rows PASSED [ 53%]
test123.py::TestSurveyResponse::test_survey_approved_closes_complaint SKIPPED [ 54%]
test123.py::TestSurveyResponse::test_survey_rejected_reopens_complaint SKIPPED [ 56%]
test123.py::TestSurveyResponse::test_survey_invalid_response_value PASSED [ 57%]
test123.py::TestOfficerStats::test_officer_stats_requires_auth PASSED    [ 58%]
test123.py::TestOfficerStats::test_officer_stats_response_structure SKIPPED [ 60%]
test123.py::TestContractorScorecard::test_scorecard_requires_auth PASSED [ 61%]
test123.py::TestContractorScorecard::test_reliability_score_formula SKIPPED [ 63%]
test123.py::TestContractorScorecard::test_contractor_status_update_requires_super_admin SKIPPED [ 64%]
test123.py::TestContractorScorecard::test_contractor_deactivation_requires_reason SKIPPED [ 65%]
test123.py::TestAnalytics::test_hotspots_requires_super_admin SKIPPED    [ 67%]
test123.py::TestAnalytics::test_hotspots_response_structure SKIPPED      [ 68%]
test123.py::TestAnalytics::test_sla_compliance_response_structure SKIPPED [ 69%]
test123.py::TestAnalytics::test_complaint_volume_default_grouping SKIPPED [ 71%]
test123.py::TestAnalytics::test_complaint_volume_weekly_grouping SKIPPED [ 72%]
test123.py::TestAnalytics::test_ward_density_public_no_auth PASSED       [ 73%]
test123.py::TestAnalytics::test_ward_density_no_individual_coordinates PASSED [ 75%]
test123.py::TestAssetsAndWards::test_wards_endpoint_returns_geojson PASSED [ 76%]
test123.py::TestAssetsAndWards::test_wards_endpoint_has_cache_headers PASSED [ 78%]
test123.py::TestAssetsAndWards::test_assets_requires_lat_lng SKIPPED     [ 79%]
test123.py::TestAssetsAndWards::test_assets_returns_nearby_assets SKIPPED [ 80%]
test123.py::TestAssetsAndWards::test_assets_type_filter SKIPPED (JSS...) [ 82%]
test123.py::TestPredictiveAgent::test_internal_endpoint_requires_key PASSED [ 83%]
test123.py::TestPredictiveAgent::test_internal_endpoint_rejects_wrong_key PASSED [ 84%]
test123.py::TestPredictiveAgent::test_internal_endpoint_accepts_correct_key SKIPPED [ 86%]
test123.py::TestErrorResponseShapes::test_404_returns_json PASSED        [ 87%]
test123.py::TestErrorResponseShapes::test_401_returns_json PASSED        [ 89%]
test123.py::TestErrorResponseShapes::test_422_returns_structured_detail PASSED [ 90%]
test123.py::TestErrorResponseShapes::test_400_state_machine_error_includes_message SKIPPED [ 91%]
test123.py::TestPerformance::test_complaint_list_under_300ms_p95 SKIPPED [ 93%]
test123.py::TestPerformance::test_wards_endpoint_under_300ms PASSED      [ 94%]
test123.py::TestPerformance::test_concurrent_requests_no_5xx FAILED      [ 95%]
test123.py::TestUploadURL::test_upload_url_endpoint_exists SKIPPED (...) [ 97%]
test123.py::TestSLALogic::test_garbage_complaint_gets_24h_sla PASSED     [ 98%]
test123.py::TestSLALogic::test_sla_deadline_is_in_future_on_creation PASSED [100%]

================================== FAILURES ===================================
D:\ps-crm\backend\test123.py:1134: AssertionError: 3/50 requests returned 5xx errors
=========================== short test summary info ===========================
FAILED test123.py::TestPerformance::test_concurrent_requests_no_5xx - Asserti...
============ 1 failed, 38 passed, 34 skipped in 133.54s (0:02:13) =============

---STDERR---
